// Validating benchmarks:
// ***** BenchmarkRunner: Start   *****
// ***** Found 3 benchmark(s) in total *****
// ***** Building 1 exe(s) in Parallel: Start   *****
// start dotnet  restore --nodeReuse:false /p:UseSharedCompilation=false /p:Deterministic=true /p:Optimize=true /p:ArtifactsPath="C:\Users\SSAFY\Documents\blog\benchmarks\BenchmarkSuite1\BenchmarkSuite1\bin\Release\net10.0\BenchmarkSuite1-.NET 10.0-1/" /p:OutDir="C:\Users\SSAFY\Documents\blog\benchmarks\BenchmarkSuite1\BenchmarkSuite1\bin\Release\net10.0\BenchmarkSuite1-.NET 10.0-1\bin\Release\net10.0/" /p:OutputPath="C:\Users\SSAFY\Documents\blog\benchmarks\BenchmarkSuite1\BenchmarkSuite1\bin\Release\net10.0\BenchmarkSuite1-.NET 10.0-1\bin\Release\net10.0/" /p:PublishDir="C:\Users\SSAFY\Documents\blog\benchmarks\BenchmarkSuite1\BenchmarkSuite1\bin\Release\net10.0\BenchmarkSuite1-.NET 10.0-1\publish/" in C:\Users\SSAFY\Documents\blog\benchmarks\BenchmarkSuite1\BenchmarkSuite1\bin\Release\net10.0\BenchmarkSuite1-.NET 10.0-1
// command took 2.07 sec and exited with 0
// start dotnet  build -c Release --no-restore --nodeReuse:false /p:UseSharedCompilation=false /p:Deterministic=true /p:Optimize=true /p:ArtifactsPath="C:\Users\SSAFY\Documents\blog\benchmarks\BenchmarkSuite1\BenchmarkSuite1\bin\Release\net10.0\BenchmarkSuite1-.NET 10.0-1/" /p:OutDir="C:\Users\SSAFY\Documents\blog\benchmarks\BenchmarkSuite1\BenchmarkSuite1\bin\Release\net10.0\BenchmarkSuite1-.NET 10.0-1\bin\Release\net10.0/" /p:OutputPath="C:\Users\SSAFY\Documents\blog\benchmarks\BenchmarkSuite1\BenchmarkSuite1\bin\Release\net10.0\BenchmarkSuite1-.NET 10.0-1\bin\Release\net10.0/" /p:PublishDir="C:\Users\SSAFY\Documents\blog\benchmarks\BenchmarkSuite1\BenchmarkSuite1\bin\Release\net10.0\BenchmarkSuite1-.NET 10.0-1\publish/" --output "C:\Users\SSAFY\Documents\blog\benchmarks\BenchmarkSuite1\BenchmarkSuite1\bin\Release\net10.0\BenchmarkSuite1-.NET 10.0-1\bin\Release\net10.0/" in C:\Users\SSAFY\Documents\blog\benchmarks\BenchmarkSuite1\BenchmarkSuite1\bin\Release\net10.0\BenchmarkSuite1-.NET 10.0-1
// command took 5.64 sec and exited with 0
// ***** Done, took 00:00:07 (7.76 sec)   *****
// Found 3 benchmarks:
//   Benchmarks100Mb.SendByDotnet: .NET 10.0(Runtime=.NET 10.0)
//   Benchmarks100Mb.SendByDotnetAOT: .NET 10.0(Runtime=.NET 10.0)
//   Benchmarks100Mb.SendByGo: .NET 10.0(Runtime=.NET 10.0)

Setup power plan (GUID: 8c5e7fda-e8bf-4a96-9a85-a6e23a8c635c FriendlyName: 고성능)
// **************************
// Benchmark: Benchmarks100Mb.SendByDotnet: .NET 10.0(Runtime=.NET 10.0)
// *** Execute ***
// Launch: 1 / 1
// Execute: dotnet "BenchmarkSuite1-.NET 10.0-1.dll" --anonymousPipes 1684 1680 --benchmarkName BenchmarkSuite1.Benchmarks100Mb.SendByDotnet --job ".NET 10.0" --benchmarkId 0 in C:\Users\SSAFY\Documents\blog\benchmarks\BenchmarkSuite1\BenchmarkSuite1\bin\Release\net10.0\BenchmarkSuite1-.NET 10.0-1\bin\Release\net10.0
// BeforeAnythingElse

// Benchmark Process Environment Information:
// BenchmarkDotNet v0.15.8
// Runtime=.NET 10.0.5 (10.0.5, 10.0.526.15411), X64 RyuJIT x86-64-v3
// GC=Concurrent Workstation
// HardwareIntrinsics=AVX2+BMI1+BMI2+F16C+FMA+LZCNT+MOVBE,AVX,SSE3+SSSE3+SSE4.1+SSE4.2+POPCNT,X86Base+SSE+SSE2,AES+PCLMUL,AvxVnni,SERIALIZE VectorSize=256
// Job: .NET 10.0

OverheadJitting  1: 1 op, 124500.00 ns, 124.5000 us/op
WorkloadJitting  1: 1 op, 29513506500.00 ns, 29.5135 s/op

Successfully reverted power plan (GUID: 381b4222-f694-41f0-9685-ff5bb260df2e FriendlyName: 균형 조정)
