// Validating benchmarks:
// ***** BenchmarkRunner: Start   *****
// ***** Found 9 benchmark(s) in total *****
// ***** Building 1 exe(s) in Parallel: Start   *****
// start dotnet  restore --nodeReuse:false /p:UseSharedCompilation=false /p:Deterministic=true /p:Optimize=true /p:ArtifactsPath="C:\Users\SSAFY\Documents\blog\benchmarks\BenchmarkSuite1\BenchmarkSuite1\bin\Release\net10.0\BenchmarkSuite1-.NET 10.0-1/" /p:OutDir="C:\Users\SSAFY\Documents\blog\benchmarks\BenchmarkSuite1\BenchmarkSuite1\bin\Release\net10.0\BenchmarkSuite1-.NET 10.0-1\bin\Release\net10.0/" /p:OutputPath="C:\Users\SSAFY\Documents\blog\benchmarks\BenchmarkSuite1\BenchmarkSuite1\bin\Release\net10.0\BenchmarkSuite1-.NET 10.0-1\bin\Release\net10.0/" /p:PublishDir="C:\Users\SSAFY\Documents\blog\benchmarks\BenchmarkSuite1\BenchmarkSuite1\bin\Release\net10.0\BenchmarkSuite1-.NET 10.0-1\publish/" in C:\Users\SSAFY\Documents\blog\benchmarks\BenchmarkSuite1\BenchmarkSuite1\bin\Release\net10.0\BenchmarkSuite1-.NET 10.0-1
// command took 1.2 sec and exited with 0
// start dotnet  build -c Release --no-restore --nodeReuse:false /p:UseSharedCompilation=false /p:Deterministic=true /p:Optimize=true /p:ArtifactsPath="C:\Users\SSAFY\Documents\blog\benchmarks\BenchmarkSuite1\BenchmarkSuite1\bin\Release\net10.0\BenchmarkSuite1-.NET 10.0-1/" /p:OutDir="C:\Users\SSAFY\Documents\blog\benchmarks\BenchmarkSuite1\BenchmarkSuite1\bin\Release\net10.0\BenchmarkSuite1-.NET 10.0-1\bin\Release\net10.0/" /p:OutputPath="C:\Users\SSAFY\Documents\blog\benchmarks\BenchmarkSuite1\BenchmarkSuite1\bin\Release\net10.0\BenchmarkSuite1-.NET 10.0-1\bin\Release\net10.0/" /p:PublishDir="C:\Users\SSAFY\Documents\blog\benchmarks\BenchmarkSuite1\BenchmarkSuite1\bin\Release\net10.0\BenchmarkSuite1-.NET 10.0-1\publish/" --output "C:\Users\SSAFY\Documents\blog\benchmarks\BenchmarkSuite1\BenchmarkSuite1\bin\Release\net10.0\BenchmarkSuite1-.NET 10.0-1\bin\Release\net10.0/" in C:\Users\SSAFY\Documents\blog\benchmarks\BenchmarkSuite1\BenchmarkSuite1\bin\Release\net10.0\BenchmarkSuite1-.NET 10.0-1
// command took 5.69 sec and exited with 0
// ***** Done, took 00:00:06 (6.96 sec)   *****
// Found 3 benchmarks:
//   Benchmarks100Mb.SendByDotnet: .NET 10.0(Runtime=.NET 10.0, IterationCount=10, WarmupCount=3)
//   Benchmarks100Mb.SendByDotnetAOT: .NET 10.0(Runtime=.NET 10.0, IterationCount=10, WarmupCount=3)
//   Benchmarks100Mb.SendByGo: .NET 10.0(Runtime=.NET 10.0, IterationCount=10, WarmupCount=3)

Setup power plan (GUID: 8c5e7fda-e8bf-4a96-9a85-a6e23a8c635c FriendlyName: 고성능)
// **************************
// Benchmark: Benchmarks100Mb.SendByDotnet: .NET 10.0(Runtime=.NET 10.0, IterationCount=10, WarmupCount=3)
// *** Execute ***
// Launch: 1 / 1
// Execute: dotnet "BenchmarkSuite1-.NET 10.0-1.dll" --anonymousPipes 1652 1476 --benchmarkName BenchmarkSuite1.Benchmarks100Mb.SendByDotnet --job ".NET 10.0" --benchmarkId 0 in C:\Users\SSAFY\Documents\blog\benchmarks\BenchmarkSuite1\BenchmarkSuite1\bin\Release\net10.0\BenchmarkSuite1-.NET 10.0-1\bin\Release\net10.0
// BeforeAnythingElse

// Benchmark Process Environment Information:
// BenchmarkDotNet v0.15.8
// Runtime=.NET 10.0.5 (10.0.5, 10.0.526.15411), X64 RyuJIT x86-64-v3
// GC=Concurrent Workstation
// HardwareIntrinsics=AVX2+BMI1+BMI2+F16C+FMA+LZCNT+MOVBE,AVX,SSE3+SSSE3+SSE4.1+SSE4.2+POPCNT,X86Base+SSE+SSE2,AES+PCLMUL,AvxVnni,SERIALIZE VectorSize=256
// Job: .NET 10.0(IterationCount=10, WarmupCount=3)

OverheadJitting  1: 1 op, 135800.00 ns, 135.8000 us/op

System.Reflection.TargetInvocationException: Exception has been thrown by the target of an invocation.
 ---> System.IO.DirectoryNotFoundException: Could not find a part of the path 'C:\files\100mb.bin'.
   at Microsoft.Win32.SafeHandles.SafeFileHandle.CreateFile(String fullPath, FileMode mode, FileAccess access, FileShare share, FileOptions options)
   at Microsoft.Win32.SafeHandles.SafeFileHandle.Open(String fullPath, FileMode mode, FileAccess access, FileShare share, FileOptions options, Int64 preallocationSize, Nullable`1 unixCreateMode)
   at System.IO.Strategies.OSFileStreamStrategy..ctor(String path, FileMode mode, FileAccess access, FileShare share, FileOptions options, Int64 preallocationSize, Nullable`1 unixCreateMode)
   at System.IO.Strategies.FileStreamHelpers.ChooseStrategyCore(String path, FileMode mode, FileAccess access, FileShare share, FileOptions options, Int64 preallocationSize, Nullable`1 unixCreateMode)
   at System.IO.File.OpenRead(String path)
   at BenchmarkSuite1.BenchmarksBase.SendFile(String filePath, String url) in C:\Users\SSAFY\Documents\blog\benchmarks\BenchmarkSuite1\BenchmarkSuite1\Benchmarks.cs:line 27
   at BenchmarkSuite1.BenchmarksBase.SendByDotnet() in C:\Users\SSAFY\Documents\blog\benchmarks\BenchmarkSuite1\BenchmarkSuite1\Benchmarks.cs:line 16
   at BenchmarkDotNet.Helpers.AwaitHelper.GetResult(Task task)
   at BenchmarkDotNet.Autogenerated.Runnable_0.<.ctor>b__3_4() in C:\Users\SSAFY\Documents\blog\benchmarks\BenchmarkSuite1\BenchmarkSuite1\bin\Release\net10.0\BenchmarkSuite1-.NET 10.0-1\BenchmarkSuite1-.NET 10.0-1.notcs:line 199
   at BenchmarkDotNet.Autogenerated.Runnable_0.WorkloadActionNoUnroll(Int64 invokeCount) in C:\Users\SSAFY\Documents\blog\benchmarks\BenchmarkSuite1\BenchmarkSuite1\bin\Release\net10.0\BenchmarkSuite1-.NET 10.0-1\BenchmarkSuite1-.NET 10.0-1.notcs:line 313
   at BenchmarkDotNet.Engines.Engine.Measure(Action`1 action, Int64 invokeCount)
   at BenchmarkDotNet.Engines.Engine.RunIteration(IterationData data)
   at BenchmarkDotNet.Engines.EngineFactory.Jit(Engine engine, Int32 jitIndex, Int32 invokeCount, Int32 unrollFactor)
   at BenchmarkDotNet.Engines.EngineFactory.CreateReadyToRun(EngineParameters engineParameters)
   at BenchmarkDotNet.Autogenerated.Runnable_0.Run(IHost host, String benchmarkName) in C:\Users\SSAFY\Documents\blog\benchmarks\BenchmarkSuite1\BenchmarkSuite1\bin\Release\net10.0\BenchmarkSuite1-.NET 10.0-1\BenchmarkSuite1-.NET 10.0-1.notcs:line 178
   at System.Reflection.MethodBaseInvoker.InterpretedInvoke_Method(Object obj, IntPtr* args)
   at System.Reflection.MethodBaseInvoker.InvokeDirectByRefWithFewArgs(Object obj, Span`1 copyOfArgs, BindingFlags invokeAttr)
   --- End of inner exception stack trace ---
   at System.Reflection.MethodBaseInvoker.InvokeDirectByRefWithFewArgs(Object obj, Span`1 copyOfArgs, BindingFlags invokeAttr)
   at System.Reflection.MethodBaseInvoker.InvokeWithFewArgs(Object obj, BindingFlags invokeAttr, Binder binder, Object[] parameters, CultureInfo culture)
   at System.Reflection.RuntimeMethodInfo.Invoke(Object obj, BindingFlags invokeAttr, Binder binder, Object[] parameters, CultureInfo culture)
   at System.Reflection.MethodBase.Invoke(Object obj, Object[] parameters)
   at BenchmarkDotNet.Autogenerated.UniqueProgramName.AfterAssemblyLoadingAttached(String[] args) in C:\Users\SSAFY\Documents\blog\benchmarks\BenchmarkSuite1\BenchmarkSuite1\bin\Release\net10.0\BenchmarkSuite1-.NET 10.0-1\BenchmarkSuite1-.NET 10.0-1.notcs:line 57
// AfterAll
No Workload Results were obtained from the run.
// Benchmark Process 34916 has exited with code -1.

// ** Remained 8 (88.9%) benchmark(s) to run. Estimated finish 2026-04-03 11:45 (0h 0m from now) **
Setup power plan (GUID: 8c5e7fda-e8bf-4a96-9a85-a6e23a8c635c FriendlyName: 고성능)
// **************************
// Benchmark: Benchmarks100Mb.SendByDotnetAOT: .NET 10.0(Runtime=.NET 10.0, IterationCount=10, WarmupCount=3)
// *** Execute ***
// Launch: 1 / 1
// Execute: dotnet "BenchmarkSuite1-.NET 10.0-1.dll" --anonymousPipes 1648 1620 --benchmarkName BenchmarkSuite1.Benchmarks100Mb.SendByDotnetAOT --job ".NET 10.0" --benchmarkId 1 in C:\Users\SSAFY\Documents\blog\benchmarks\BenchmarkSuite1\BenchmarkSuite1\bin\Release\net10.0\BenchmarkSuite1-.NET 10.0-1\bin\Release\net10.0
// BeforeAnythingElse

// Benchmark Process Environment Information:
// BenchmarkDotNet v0.15.8
// Runtime=.NET 10.0.5 (10.0.5, 10.0.526.15411), X64 RyuJIT x86-64-v3
// GC=Concurrent Workstation
// HardwareIntrinsics=AVX2+BMI1+BMI2+F16C+FMA+LZCNT+MOVBE,AVX,SSE3+SSSE3+SSE4.1+SSE4.2+POPCNT,X86Base+SSE+SSE2,AES+PCLMUL,AvxVnni,SERIALIZE VectorSize=256
// Job: .NET 10.0(IterationCount=10, WarmupCount=3)

OverheadJitting  1: 1 op, 135400.00 ns, 135.4000 us/op

System.Reflection.TargetInvocationException: Exception has been thrown by the target of an invocation.
 ---> System.IO.DirectoryNotFoundException: Could not find a part of the path 'C:\files\100mb.bin'.
   at Microsoft.Win32.SafeHandles.SafeFileHandle.CreateFile(String fullPath, FileMode mode, FileAccess access, FileShare share, FileOptions options)
   at Microsoft.Win32.SafeHandles.SafeFileHandle.Open(String fullPath, FileMode mode, FileAccess access, FileShare share, FileOptions options, Int64 preallocationSize, Nullable`1 unixCreateMode)
   at System.IO.Strategies.OSFileStreamStrategy..ctor(String path, FileMode mode, FileAccess access, FileShare share, FileOptions options, Int64 preallocationSize, Nullable`1 unixCreateMode)
   at System.IO.Strategies.FileStreamHelpers.ChooseStrategyCore(String path, FileMode mode, FileAccess access, FileShare share, FileOptions options, Int64 preallocationSize, Nullable`1 unixCreateMode)
   at System.IO.File.OpenRead(String path)
   at BenchmarkSuite1.BenchmarksBase.SendFile(String filePath, String url) in C:\Users\SSAFY\Documents\blog\benchmarks\BenchmarkSuite1\BenchmarkSuite1\Benchmarks.cs:line 27
   at BenchmarkSuite1.BenchmarksBase.SendByDotnetAOT() in C:\Users\SSAFY\Documents\blog\benchmarks\BenchmarkSuite1\BenchmarkSuite1\Benchmarks.cs:line 19
   at BenchmarkDotNet.Helpers.AwaitHelper.GetResult(Task task)
   at BenchmarkDotNet.Autogenerated.Runnable_1.<.ctor>b__3_4() in C:\Users\SSAFY\Documents\blog\benchmarks\BenchmarkSuite1\BenchmarkSuite1\bin\Release\net10.0\BenchmarkSuite1-.NET 10.0-1\BenchmarkSuite1-.NET 10.0-1.notcs:line 393
   at BenchmarkDotNet.Autogenerated.Runnable_1.WorkloadActionNoUnroll(Int64 invokeCount) in C:\Users\SSAFY\Documents\blog\benchmarks\BenchmarkSuite1\BenchmarkSuite1\bin\Release\net10.0\BenchmarkSuite1-.NET 10.0-1\BenchmarkSuite1-.NET 10.0-1.notcs:line 507
   at BenchmarkDotNet.Engines.Engine.Measure(Action`1 action, Int64 invokeCount)
   at BenchmarkDotNet.Engines.Engine.RunIteration(IterationData data)
   at BenchmarkDotNet.Engines.EngineFactory.Jit(Engine engine, Int32 jitIndex, Int32 invokeCount, Int32 unrollFactor)
   at BenchmarkDotNet.Engines.EngineFactory.CreateReadyToRun(EngineParameters engineParameters)
   at BenchmarkDotNet.Autogenerated.Runnable_1.Run(IHost host, String benchmarkName) in C:\Users\SSAFY\Documents\blog\benchmarks\BenchmarkSuite1\BenchmarkSuite1\bin\Release\net10.0\BenchmarkSuite1-.NET 10.0-1\BenchmarkSuite1-.NET 10.0-1.notcs:line 372
   at System.Reflection.MethodBaseInvoker.InterpretedInvoke_Method(Object obj, IntPtr* args)
   at System.Reflection.MethodBaseInvoker.InvokeDirectByRefWithFewArgs(Object obj, Span`1 copyOfArgs, BindingFlags invokeAttr)
   --- End of inner exception stack trace ---
   at System.Reflection.MethodBaseInvoker.InvokeDirectByRefWithFewArgs(Object obj, Span`1 copyOfArgs, BindingFlags invokeAttr)
   at System.Reflection.MethodBaseInvoker.InvokeWithFewArgs(Object obj, BindingFlags invokeAttr, Binder binder, Object[] parameters, CultureInfo culture)
   at System.Reflection.RuntimeMethodInfo.Invoke(Object obj, BindingFlags invokeAttr, Binder binder, Object[] parameters, CultureInfo culture)
   at System.Reflection.MethodBase.Invoke(Object obj, Object[] parameters)
   at BenchmarkDotNet.Autogenerated.UniqueProgramName.AfterAssemblyLoadingAttached(String[] args) in C:\Users\SSAFY\Documents\blog\benchmarks\BenchmarkSuite1\BenchmarkSuite1\bin\Release\net10.0\BenchmarkSuite1-.NET 10.0-1\BenchmarkSuite1-.NET 10.0-1.notcs:line 57
// AfterAll
No Workload Results were obtained from the run.
// Benchmark Process 35264 has exited with code -1.

// ** Remained 7 (77.8%) benchmark(s) to run. Estimated finish 2026-04-03 11:45 (0h 0m from now) **
Setup power plan (GUID: 8c5e7fda-e8bf-4a96-9a85-a6e23a8c635c FriendlyName: 고성능)
// **************************
// Benchmark: Benchmarks100Mb.SendByGo: .NET 10.0(Runtime=.NET 10.0, IterationCount=10, WarmupCount=3)
// *** Execute ***
// Launch: 1 / 1
// Execute: dotnet "BenchmarkSuite1-.NET 10.0-1.dll" --anonymousPipes 1592 1636 --benchmarkName BenchmarkSuite1.Benchmarks100Mb.SendByGo --job ".NET 10.0" --benchmarkId 2 in C:\Users\SSAFY\Documents\blog\benchmarks\BenchmarkSuite1\BenchmarkSuite1\bin\Release\net10.0\BenchmarkSuite1-.NET 10.0-1\bin\Release\net10.0
// BeforeAnythingElse

// Benchmark Process Environment Information:
// BenchmarkDotNet v0.15.8
// Runtime=.NET 10.0.5 (10.0.5, 10.0.526.15411), X64 RyuJIT x86-64-v3
// GC=Concurrent Workstation
// HardwareIntrinsics=AVX2+BMI1+BMI2+F16C+FMA+LZCNT+MOVBE,AVX,SSE3+SSSE3+SSE4.1+SSE4.2+POPCNT,X86Base+SSE+SSE2,AES+PCLMUL,AvxVnni,SERIALIZE VectorSize=256
// Job: .NET 10.0(IterationCount=10, WarmupCount=3)

OverheadJitting  1: 1 op, 118300.00 ns, 118.3000 us/op

System.Reflection.TargetInvocationException: Exception has been thrown by the target of an invocation.
 ---> System.IO.DirectoryNotFoundException: Could not find a part of the path 'C:\files\100mb.bin'.
   at Microsoft.Win32.SafeHandles.SafeFileHandle.CreateFile(String fullPath, FileMode mode, FileAccess access, FileShare share, FileOptions options)
   at Microsoft.Win32.SafeHandles.SafeFileHandle.Open(String fullPath, FileMode mode, FileAccess access, FileShare share, FileOptions options, Int64 preallocationSize, Nullable`1 unixCreateMode)
   at System.IO.Strategies.OSFileStreamStrategy..ctor(String path, FileMode mode, FileAccess access, FileShare share, FileOptions options, Int64 preallocationSize, Nullable`1 unixCreateMode)
   at System.IO.Strategies.FileStreamHelpers.ChooseStrategyCore(String path, FileMode mode, FileAccess access, FileShare share, FileOptions options, Int64 preallocationSize, Nullable`1 unixCreateMode)
   at System.IO.File.OpenRead(String path)
   at BenchmarkSuite1.BenchmarksBase.SendFile(String filePath, String url) in C:\Users\SSAFY\Documents\blog\benchmarks\BenchmarkSuite1\BenchmarkSuite1\Benchmarks.cs:line 27
   at BenchmarkSuite1.BenchmarksBase.SendByGo() in C:\Users\SSAFY\Documents\blog\benchmarks\BenchmarkSuite1\BenchmarkSuite1\Benchmarks.cs:line 22
   at BenchmarkDotNet.Helpers.AwaitHelper.GetResult(Task task)
   at BenchmarkDotNet.Autogenerated.Runnable_2.<.ctor>b__3_4() in C:\Users\SSAFY\Documents\blog\benchmarks\BenchmarkSuite1\BenchmarkSuite1\bin\Release\net10.0\BenchmarkSuite1-.NET 10.0-1\BenchmarkSuite1-.NET 10.0-1.notcs:line 587
   at BenchmarkDotNet.Autogenerated.Runnable_2.WorkloadActionNoUnroll(Int64 invokeCount) in C:\Users\SSAFY\Documents\blog\benchmarks\BenchmarkSuite1\BenchmarkSuite1\bin\Release\net10.0\BenchmarkSuite1-.NET 10.0-1\BenchmarkSuite1-.NET 10.0-1.notcs:line 701
   at BenchmarkDotNet.Engines.Engine.Measure(Action`1 action, Int64 invokeCount)
   at BenchmarkDotNet.Engines.Engine.RunIteration(IterationData data)
   at BenchmarkDotNet.Engines.EngineFactory.Jit(Engine engine, Int32 jitIndex, Int32 invokeCount, Int32 unrollFactor)
   at BenchmarkDotNet.Engines.EngineFactory.CreateReadyToRun(EngineParameters engineParameters)
   at BenchmarkDotNet.Autogenerated.Runnable_2.Run(IHost host, String benchmarkName) in C:\Users\SSAFY\Documents\blog\benchmarks\BenchmarkSuite1\BenchmarkSuite1\bin\Release\net10.0\BenchmarkSuite1-.NET 10.0-1\BenchmarkSuite1-.NET 10.0-1.notcs:line 566
   at System.Reflection.MethodBaseInvoker.InterpretedInvoke_Method(Object obj, IntPtr* args)
   at System.Reflection.MethodBaseInvoker.InvokeDirectByRefWithFewArgs(Object obj, Span`1 copyOfArgs, BindingFlags invokeAttr)
   --- End of inner exception stack trace ---
   at System.Reflection.MethodBaseInvoker.InvokeDirectByRefWithFewArgs(Object obj, Span`1 copyOfArgs, BindingFlags invokeAttr)
   at System.Reflection.MethodBaseInvoker.InvokeWithFewArgs(Object obj, BindingFlags invokeAttr, Binder binder, Object[] parameters, CultureInfo culture)
   at System.Reflection.RuntimeMethodInfo.Invoke(Object obj, BindingFlags invokeAttr, Binder binder, Object[] parameters, CultureInfo culture)
   at System.Reflection.MethodBase.Invoke(Object obj, Object[] parameters)
   at BenchmarkDotNet.Autogenerated.UniqueProgramName.AfterAssemblyLoadingAttached(String[] args) in C:\Users\SSAFY\Documents\blog\benchmarks\BenchmarkSuite1\BenchmarkSuite1\bin\Release\net10.0\BenchmarkSuite1-.NET 10.0-1\BenchmarkSuite1-.NET 10.0-1.notcs:line 57
// AfterAll
No Workload Results were obtained from the run.
// Benchmark Process 35332 has exited with code -1.

// ** Remained 6 (66.7%) benchmark(s) to run. Estimated finish 2026-04-03 11:45 (0h 0m from now) **
Successfully reverted power plan (GUID: 381b4222-f694-41f0-9685-ff5bb260df2e FriendlyName: 균형 조정)
// ***** BenchmarkRunner: Finish  *****

// * Export *
  BenchmarkDotNet.Artifacts\results\BenchmarkSuite1.Benchmarks100Mb-report.csv
  BenchmarkDotNet.Artifacts\results\BenchmarkSuite1.Benchmarks100Mb-report-github.md
  BenchmarkDotNet.Artifacts\results\BenchmarkSuite1.Benchmarks100Mb-report.html
  BenchmarkDotNet.Artifacts\results\BenchmarkSuite1.Benchmarks100Mb-report-full.json

// * Detailed results *
Benchmarks100Mb.SendByDotnet: .NET 10.0(Runtime=.NET 10.0, IterationCount=10, WarmupCount=3)
Runtime = .NET 10.0.5 (10.0.5, 10.0.526.15411), X64 RyuJIT x86-64-v3; GC = Concurrent Workstation
There are not any results runs

Benchmarks100Mb.SendByDotnetAOT: .NET 10.0(Runtime=.NET 10.0, IterationCount=10, WarmupCount=3)
Runtime = .NET 10.0.5 (10.0.5, 10.0.526.15411), X64 RyuJIT x86-64-v3; GC = Concurrent Workstation
There are not any results runs

Benchmarks100Mb.SendByGo: .NET 10.0(Runtime=.NET 10.0, IterationCount=10, WarmupCount=3)
Runtime = .NET 10.0.5 (10.0.5, 10.0.526.15411), X64 RyuJIT x86-64-v3; GC = Concurrent Workstation
There are not any results runs

// * Summary *

BenchmarkDotNet v0.15.8, Windows 11 (10.0.26200.8037/25H2/2025Update/HudsonValley2)
Intel Core Ultra 9 185H 2.50GHz, 1 CPU, 22 logical and 16 physical cores
.NET SDK 10.0.201
  [Host]    : .NET 10.0.5 (10.0.5, 10.0.526.15411), X64 RyuJIT x86-64-v3
  .NET 10.0 : .NET 10.0.5 (10.0.5, 10.0.526.15411), X64 RyuJIT x86-64-v3

Job=.NET 10.0  Runtime=.NET 10.0  IterationCount=10  
WarmupCount=3  

| Method          | Mean | Error |
|---------------- |-----:|------:|
| SendByDotnet    |   NA |    NA |
| SendByDotnetAOT |   NA |    NA |
| SendByGo        |   NA |    NA |

Benchmarks with issues:
  Benchmarks100Mb.SendByDotnet: .NET 10.0(Runtime=.NET 10.0, IterationCount=10, WarmupCount=3)
  Benchmarks100Mb.SendByDotnetAOT: .NET 10.0(Runtime=.NET 10.0, IterationCount=10, WarmupCount=3)
  Benchmarks100Mb.SendByGo: .NET 10.0(Runtime=.NET 10.0, IterationCount=10, WarmupCount=3)

// * Warnings *
Environment
  Summary -> Detected error exit code from one of the benchmarks. It might be caused by following antivirus software:
        - AhnLab V3 Internet Security 9.0 (C:\Program Files\AhnLab\V3IS90\ASDWsc.exe)
        - Windows Defender (windowsdefender://)
Use InProcessEmitToolchain or InProcessNoEmitToolchain to avoid new process creation.

// * Config Issues *

// * Warnings *
Configuration
  Summary -> The exporter MarkdownExporter-github is already present in configuration. There may be unexpected results.

// * Legends *
  Mean  : Arithmetic mean of all measurements
  Error : Half of 99.9% confidence interval
  1 ns  : 1 Nanosecond (0.000000001 sec)

// ***** BenchmarkRunner: End *****
Run time: 00:00:01 (1.79 sec), executed benchmarks: 3

// Found 3 benchmarks:
//   Benchmarks10Gb.SendByDotnet: .NET 10.0(Runtime=.NET 10.0, IterationCount=3, WarmupCount=1)
//   Benchmarks10Gb.SendByDotnetAOT: .NET 10.0(Runtime=.NET 10.0, IterationCount=3, WarmupCount=1)
//   Benchmarks10Gb.SendByGo: .NET 10.0(Runtime=.NET 10.0, IterationCount=3, WarmupCount=1)

Setup power plan (GUID: 8c5e7fda-e8bf-4a96-9a85-a6e23a8c635c FriendlyName: 고성능)
// **************************
// Benchmark: Benchmarks10Gb.SendByDotnet: .NET 10.0(Runtime=.NET 10.0, IterationCount=3, WarmupCount=1)
// *** Execute ***
// Launch: 1 / 1
// Execute: dotnet "BenchmarkSuite1-.NET 10.0-1.dll" --anonymousPipes 1628 1476 --benchmarkName BenchmarkSuite1.Benchmarks10Gb.SendByDotnet --job ".NET 10.0" --benchmarkId 3 in C:\Users\SSAFY\Documents\blog\benchmarks\BenchmarkSuite1\BenchmarkSuite1\bin\Release\net10.0\BenchmarkSuite1-.NET 10.0-1\bin\Release\net10.0
// BeforeAnythingElse

// Benchmark Process Environment Information:
// BenchmarkDotNet v0.15.8
// Runtime=.NET 10.0.5 (10.0.5, 10.0.526.15411), X64 RyuJIT x86-64-v3
// GC=Concurrent Workstation
// HardwareIntrinsics=AVX2+BMI1+BMI2+F16C+FMA+LZCNT+MOVBE,AVX,SSE3+SSSE3+SSE4.1+SSE4.2+POPCNT,X86Base+SSE+SSE2,AES+PCLMUL,AvxVnni,SERIALIZE VectorSize=256
// Job: .NET 10.0(IterationCount=3, WarmupCount=1)

OverheadJitting  1: 1 op, 116400.00 ns, 116.4000 us/op

System.Reflection.TargetInvocationException: Exception has been thrown by the target of an invocation.
 ---> System.IO.DirectoryNotFoundException: Could not find a part of the path 'C:\files\10gb.bin'.
   at Microsoft.Win32.SafeHandles.SafeFileHandle.CreateFile(String fullPath, FileMode mode, FileAccess access, FileShare share, FileOptions options)
   at Microsoft.Win32.SafeHandles.SafeFileHandle.Open(String fullPath, FileMode mode, FileAccess access, FileShare share, FileOptions options, Int64 preallocationSize, Nullable`1 unixCreateMode)
   at System.IO.Strategies.OSFileStreamStrategy..ctor(String path, FileMode mode, FileAccess access, FileShare share, FileOptions options, Int64 preallocationSize, Nullable`1 unixCreateMode)
   at System.IO.Strategies.FileStreamHelpers.ChooseStrategyCore(String path, FileMode mode, FileAccess access, FileShare share, FileOptions options, Int64 preallocationSize, Nullable`1 unixCreateMode)
   at System.IO.File.OpenRead(String path)
   at BenchmarkSuite1.BenchmarksBase.SendFile(String filePath, String url) in C:\Users\SSAFY\Documents\blog\benchmarks\BenchmarkSuite1\BenchmarkSuite1\Benchmarks.cs:line 27
   at BenchmarkSuite1.BenchmarksBase.SendByDotnet() in C:\Users\SSAFY\Documents\blog\benchmarks\BenchmarkSuite1\BenchmarkSuite1\Benchmarks.cs:line 16
   at BenchmarkDotNet.Helpers.AwaitHelper.GetResult(Task task)
   at BenchmarkDotNet.Autogenerated.Runnable_3.<.ctor>b__3_4() in C:\Users\SSAFY\Documents\blog\benchmarks\BenchmarkSuite1\BenchmarkSuite1\bin\Release\net10.0\BenchmarkSuite1-.NET 10.0-1\BenchmarkSuite1-.NET 10.0-1.notcs:line 781
   at BenchmarkDotNet.Autogenerated.Runnable_3.WorkloadActionNoUnroll(Int64 invokeCount) in C:\Users\SSAFY\Documents\blog\benchmarks\BenchmarkSuite1\BenchmarkSuite1\bin\Release\net10.0\BenchmarkSuite1-.NET 10.0-1\BenchmarkSuite1-.NET 10.0-1.notcs:line 895
   at BenchmarkDotNet.Engines.Engine.Measure(Action`1 action, Int64 invokeCount)
   at BenchmarkDotNet.Engines.Engine.RunIteration(IterationData data)
   at BenchmarkDotNet.Engines.EngineFactory.Jit(Engine engine, Int32 jitIndex, Int32 invokeCount, Int32 unrollFactor)
   at BenchmarkDotNet.Engines.EngineFactory.CreateReadyToRun(EngineParameters engineParameters)
   at BenchmarkDotNet.Autogenerated.Runnable_3.Run(IHost host, String benchmarkName) in C:\Users\SSAFY\Documents\blog\benchmarks\BenchmarkSuite1\BenchmarkSuite1\bin\Release\net10.0\BenchmarkSuite1-.NET 10.0-1\BenchmarkSuite1-.NET 10.0-1.notcs:line 760
   at System.Reflection.MethodBaseInvoker.InterpretedInvoke_Method(Object obj, IntPtr* args)
   at System.Reflection.MethodBaseInvoker.InvokeDirectByRefWithFewArgs(Object obj, Span`1 copyOfArgs, BindingFlags invokeAttr)
   --- End of inner exception stack trace ---
   at System.Reflection.MethodBaseInvoker.InvokeDirectByRefWithFewArgs(Object obj, Span`1 copyOfArgs, BindingFlags invokeAttr)
   at System.Reflection.MethodBaseInvoker.InvokeWithFewArgs(Object obj, BindingFlags invokeAttr, Binder binder, Object[] parameters, CultureInfo culture)
   at System.Reflection.RuntimeMethodInfo.Invoke(Object obj, BindingFlags invokeAttr, Binder binder, Object[] parameters, CultureInfo culture)
   at System.Reflection.MethodBase.Invoke(Object obj, Object[] parameters)
   at BenchmarkDotNet.Autogenerated.UniqueProgramName.AfterAssemblyLoadingAttached(String[] args) in C:\Users\SSAFY\Documents\blog\benchmarks\BenchmarkSuite1\BenchmarkSuite1\bin\Release\net10.0\BenchmarkSuite1-.NET 10.0-1\BenchmarkSuite1-.NET 10.0-1.notcs:line 57
// AfterAll
No Workload Results were obtained from the run.
// Benchmark Process 32212 has exited with code -1.

// ** Remained 5 (55.6%) benchmark(s) to run. Estimated finish 2026-04-03 11:45 (0h 0m from now) **
Setup power plan (GUID: 8c5e7fda-e8bf-4a96-9a85-a6e23a8c635c FriendlyName: 고성능)
// **************************
// Benchmark: Benchmarks10Gb.SendByDotnetAOT: .NET 10.0(Runtime=.NET 10.0, IterationCount=3, WarmupCount=1)
// *** Execute ***
// Launch: 1 / 1
// Execute: dotnet "BenchmarkSuite1-.NET 10.0-1.dll" --anonymousPipes 1600 1692 --benchmarkName BenchmarkSuite1.Benchmarks10Gb.SendByDotnetAOT --job ".NET 10.0" --benchmarkId 4 in C:\Users\SSAFY\Documents\blog\benchmarks\BenchmarkSuite1\BenchmarkSuite1\bin\Release\net10.0\BenchmarkSuite1-.NET 10.0-1\bin\Release\net10.0
// BeforeAnythingElse

// Benchmark Process Environment Information:
// BenchmarkDotNet v0.15.8
// Runtime=.NET 10.0.5 (10.0.5, 10.0.526.15411), X64 RyuJIT x86-64-v3
// GC=Concurrent Workstation
// HardwareIntrinsics=AVX2+BMI1+BMI2+F16C+FMA+LZCNT+MOVBE,AVX,SSE3+SSSE3+SSE4.1+SSE4.2+POPCNT,X86Base+SSE+SSE2,AES+PCLMUL,AvxVnni,SERIALIZE VectorSize=256
// Job: .NET 10.0(IterationCount=3, WarmupCount=1)

OverheadJitting  1: 1 op, 117800.00 ns, 117.8000 us/op

System.Reflection.TargetInvocationException: Exception has been thrown by the target of an invocation.
 ---> System.IO.DirectoryNotFoundException: Could not find a part of the path 'C:\files\10gb.bin'.
   at Microsoft.Win32.SafeHandles.SafeFileHandle.CreateFile(String fullPath, FileMode mode, FileAccess access, FileShare share, FileOptions options)
   at Microsoft.Win32.SafeHandles.SafeFileHandle.Open(String fullPath, FileMode mode, FileAccess access, FileShare share, FileOptions options, Int64 preallocationSize, Nullable`1 unixCreateMode)
   at System.IO.Strategies.OSFileStreamStrategy..ctor(String path, FileMode mode, FileAccess access, FileShare share, FileOptions options, Int64 preallocationSize, Nullable`1 unixCreateMode)
   at System.IO.Strategies.FileStreamHelpers.ChooseStrategyCore(String path, FileMode mode, FileAccess access, FileShare share, FileOptions options, Int64 preallocationSize, Nullable`1 unixCreateMode)
   at System.IO.File.OpenRead(String path)
   at BenchmarkSuite1.BenchmarksBase.SendFile(String filePath, String url) in C:\Users\SSAFY\Documents\blog\benchmarks\BenchmarkSuite1\BenchmarkSuite1\Benchmarks.cs:line 27
   at BenchmarkSuite1.BenchmarksBase.SendByDotnetAOT() in C:\Users\SSAFY\Documents\blog\benchmarks\BenchmarkSuite1\BenchmarkSuite1\Benchmarks.cs:line 19
   at BenchmarkDotNet.Helpers.AwaitHelper.GetResult(Task task)
   at BenchmarkDotNet.Autogenerated.Runnable_4.<.ctor>b__3_4() in C:\Users\SSAFY\Documents\blog\benchmarks\BenchmarkSuite1\BenchmarkSuite1\bin\Release\net10.0\BenchmarkSuite1-.NET 10.0-1\BenchmarkSuite1-.NET 10.0-1.notcs:line 975
   at BenchmarkDotNet.Autogenerated.Runnable_4.WorkloadActionNoUnroll(Int64 invokeCount) in C:\Users\SSAFY\Documents\blog\benchmarks\BenchmarkSuite1\BenchmarkSuite1\bin\Release\net10.0\BenchmarkSuite1-.NET 10.0-1\BenchmarkSuite1-.NET 10.0-1.notcs:line 1089
   at BenchmarkDotNet.Engines.Engine.Measure(Action`1 action, Int64 invokeCount)
   at BenchmarkDotNet.Engines.Engine.RunIteration(IterationData data)
   at BenchmarkDotNet.Engines.EngineFactory.Jit(Engine engine, Int32 jitIndex, Int32 invokeCount, Int32 unrollFactor)
   at BenchmarkDotNet.Engines.EngineFactory.CreateReadyToRun(EngineParameters engineParameters)
   at BenchmarkDotNet.Autogenerated.Runnable_4.Run(IHost host, String benchmarkName) in C:\Users\SSAFY\Documents\blog\benchmarks\BenchmarkSuite1\BenchmarkSuite1\bin\Release\net10.0\BenchmarkSuite1-.NET 10.0-1\BenchmarkSuite1-.NET 10.0-1.notcs:line 954
   at System.Reflection.MethodBaseInvoker.InterpretedInvoke_Method(Object obj, IntPtr* args)
   at System.Reflection.MethodBaseInvoker.InvokeDirectByRefWithFewArgs(Object obj, Span`1 copyOfArgs, BindingFlags invokeAttr)
   --- End of inner exception stack trace ---
   at System.Reflection.MethodBaseInvoker.InvokeDirectByRefWithFewArgs(Object obj, Span`1 copyOfArgs, BindingFlags invokeAttr)
   at System.Reflection.MethodBaseInvoker.InvokeWithFewArgs(Object obj, BindingFlags invokeAttr, Binder binder, Object[] parameters, CultureInfo culture)
   at System.Reflection.RuntimeMethodInfo.Invoke(Object obj, BindingFlags invokeAttr, Binder binder, Object[] parameters, CultureInfo culture)
   at System.Reflection.MethodBase.Invoke(Object obj, Object[] parameters)
   at BenchmarkDotNet.Autogenerated.UniqueProgramName.AfterAssemblyLoadingAttached(String[] args) in C:\Users\SSAFY\Documents\blog\benchmarks\BenchmarkSuite1\BenchmarkSuite1\bin\Release\net10.0\BenchmarkSuite1-.NET 10.0-1\BenchmarkSuite1-.NET 10.0-1.notcs:line 57
// AfterAll
No Workload Results were obtained from the run.
// Benchmark Process 12864 has exited with code -1.

// ** Remained 4 (44.4%) benchmark(s) to run. Estimated finish 2026-04-03 11:45 (0h 0m from now) **
Setup power plan (GUID: 8c5e7fda-e8bf-4a96-9a85-a6e23a8c635c FriendlyName: 고성능)
// **************************
// Benchmark: Benchmarks10Gb.SendByGo: .NET 10.0(Runtime=.NET 10.0, IterationCount=3, WarmupCount=1)
// *** Execute ***
// Launch: 1 / 1
// Execute: dotnet "BenchmarkSuite1-.NET 10.0-1.dll" --anonymousPipes 1764 1592 --benchmarkName BenchmarkSuite1.Benchmarks10Gb.SendByGo --job ".NET 10.0" --benchmarkId 5 in C:\Users\SSAFY\Documents\blog\benchmarks\BenchmarkSuite1\BenchmarkSuite1\bin\Release\net10.0\BenchmarkSuite1-.NET 10.0-1\bin\Release\net10.0
// BeforeAnythingElse

// Benchmark Process Environment Information:
// BenchmarkDotNet v0.15.8
// Runtime=.NET 10.0.5 (10.0.5, 10.0.526.15411), X64 RyuJIT x86-64-v3
// GC=Concurrent Workstation
// HardwareIntrinsics=AVX2+BMI1+BMI2+F16C+FMA+LZCNT+MOVBE,AVX,SSE3+SSSE3+SSE4.1+SSE4.2+POPCNT,X86Base+SSE+SSE2,AES+PCLMUL,AvxVnni,SERIALIZE VectorSize=256
// Job: .NET 10.0(IterationCount=3, WarmupCount=1)

OverheadJitting  1: 1 op, 118800.00 ns, 118.8000 us/op

System.Reflection.TargetInvocationException: Exception has been thrown by the target of an invocation.
 ---> System.IO.DirectoryNotFoundException: Could not find a part of the path 'C:\files\10gb.bin'.
   at Microsoft.Win32.SafeHandles.SafeFileHandle.CreateFile(String fullPath, FileMode mode, FileAccess access, FileShare share, FileOptions options)
   at Microsoft.Win32.SafeHandles.SafeFileHandle.Open(String fullPath, FileMode mode, FileAccess access, FileShare share, FileOptions options, Int64 preallocationSize, Nullable`1 unixCreateMode)
   at System.IO.Strategies.OSFileStreamStrategy..ctor(String path, FileMode mode, FileAccess access, FileShare share, FileOptions options, Int64 preallocationSize, Nullable`1 unixCreateMode)
   at System.IO.Strategies.FileStreamHelpers.ChooseStrategyCore(String path, FileMode mode, FileAccess access, FileShare share, FileOptions options, Int64 preallocationSize, Nullable`1 unixCreateMode)
   at System.IO.File.OpenRead(String path)
   at BenchmarkSuite1.BenchmarksBase.SendFile(String filePath, String url) in C:\Users\SSAFY\Documents\blog\benchmarks\BenchmarkSuite1\BenchmarkSuite1\Benchmarks.cs:line 27
   at BenchmarkSuite1.BenchmarksBase.SendByGo() in C:\Users\SSAFY\Documents\blog\benchmarks\BenchmarkSuite1\BenchmarkSuite1\Benchmarks.cs:line 22
   at BenchmarkDotNet.Helpers.AwaitHelper.GetResult(Task task)
   at BenchmarkDotNet.Autogenerated.Runnable_5.<.ctor>b__3_4() in C:\Users\SSAFY\Documents\blog\benchmarks\BenchmarkSuite1\BenchmarkSuite1\bin\Release\net10.0\BenchmarkSuite1-.NET 10.0-1\BenchmarkSuite1-.NET 10.0-1.notcs:line 1169
   at BenchmarkDotNet.Autogenerated.Runnable_5.WorkloadActionNoUnroll(Int64 invokeCount) in C:\Users\SSAFY\Documents\blog\benchmarks\BenchmarkSuite1\BenchmarkSuite1\bin\Release\net10.0\BenchmarkSuite1-.NET 10.0-1\BenchmarkSuite1-.NET 10.0-1.notcs:line 1283
   at BenchmarkDotNet.Engines.Engine.Measure(Action`1 action, Int64 invokeCount)
   at BenchmarkDotNet.Engines.Engine.RunIteration(IterationData data)
   at BenchmarkDotNet.Engines.EngineFactory.Jit(Engine engine, Int32 jitIndex, Int32 invokeCount, Int32 unrollFactor)
   at BenchmarkDotNet.Engines.EngineFactory.CreateReadyToRun(EngineParameters engineParameters)
   at BenchmarkDotNet.Autogenerated.Runnable_5.Run(IHost host, String benchmarkName) in C:\Users\SSAFY\Documents\blog\benchmarks\BenchmarkSuite1\BenchmarkSuite1\bin\Release\net10.0\BenchmarkSuite1-.NET 10.0-1\BenchmarkSuite1-.NET 10.0-1.notcs:line 1148
   at System.Reflection.MethodBaseInvoker.InterpretedInvoke_Method(Object obj, IntPtr* args)
   at System.Reflection.MethodBaseInvoker.InvokeDirectByRefWithFewArgs(Object obj, Span`1 copyOfArgs, BindingFlags invokeAttr)
   --- End of inner exception stack trace ---
   at System.Reflection.MethodBaseInvoker.InvokeDirectByRefWithFewArgs(Object obj, Span`1 copyOfArgs, BindingFlags invokeAttr)
   at System.Reflection.MethodBaseInvoker.InvokeWithFewArgs(Object obj, BindingFlags invokeAttr, Binder binder, Object[] parameters, CultureInfo culture)
   at System.Reflection.RuntimeMethodInfo.Invoke(Object obj, BindingFlags invokeAttr, Binder binder, Object[] parameters, CultureInfo culture)
   at System.Reflection.MethodBase.Invoke(Object obj, Object[] parameters)
   at BenchmarkDotNet.Autogenerated.UniqueProgramName.AfterAssemblyLoadingAttached(String[] args) in C:\Users\SSAFY\Documents\blog\benchmarks\BenchmarkSuite1\BenchmarkSuite1\bin\Release\net10.0\BenchmarkSuite1-.NET 10.0-1\BenchmarkSuite1-.NET 10.0-1.notcs:line 57
// AfterAll
No Workload Results were obtained from the run.
// Benchmark Process 31864 has exited with code -1.

// ** Remained 3 (33.3%) benchmark(s) to run. Estimated finish 2026-04-03 11:45 (0h 0m from now) **
Successfully reverted power plan (GUID: 381b4222-f694-41f0-9685-ff5bb260df2e FriendlyName: 균형 조정)
// ***** BenchmarkRunner: Finish  *****

// * Export *
  BenchmarkDotNet.Artifacts\results\BenchmarkSuite1.Benchmarks10Gb-report.csv
  BenchmarkDotNet.Artifacts\results\BenchmarkSuite1.Benchmarks10Gb-report-github.md
  BenchmarkDotNet.Artifacts\results\BenchmarkSuite1.Benchmarks10Gb-report.html
  BenchmarkDotNet.Artifacts\results\BenchmarkSuite1.Benchmarks10Gb-report-full.json

// * Detailed results *
Benchmarks10Gb.SendByDotnet: .NET 10.0(Runtime=.NET 10.0, IterationCount=3, WarmupCount=1)
Runtime = .NET 10.0.5 (10.0.5, 10.0.526.15411), X64 RyuJIT x86-64-v3; GC = Concurrent Workstation
There are not any results runs

Benchmarks10Gb.SendByDotnetAOT: .NET 10.0(Runtime=.NET 10.0, IterationCount=3, WarmupCount=1)
Runtime = .NET 10.0.5 (10.0.5, 10.0.526.15411), X64 RyuJIT x86-64-v3; GC = Concurrent Workstation
There are not any results runs

Benchmarks10Gb.SendByGo: .NET 10.0(Runtime=.NET 10.0, IterationCount=3, WarmupCount=1)
Runtime = .NET 10.0.5 (10.0.5, 10.0.526.15411), X64 RyuJIT x86-64-v3; GC = Concurrent Workstation
There are not any results runs

// * Summary *

BenchmarkDotNet v0.15.8, Windows 11 (10.0.26200.8037/25H2/2025Update/HudsonValley2)
Intel Core Ultra 9 185H 2.50GHz, 1 CPU, 22 logical and 16 physical cores
.NET SDK 10.0.201
  [Host]    : .NET 10.0.5 (10.0.5, 10.0.526.15411), X64 RyuJIT x86-64-v3
  .NET 10.0 : .NET 10.0.5 (10.0.5, 10.0.526.15411), X64 RyuJIT x86-64-v3

Job=.NET 10.0  Runtime=.NET 10.0  IterationCount=3  
WarmupCount=1  

| Method          | Mean | Error |
|---------------- |-----:|------:|
| SendByDotnet    |   NA |    NA |
| SendByDotnetAOT |   NA |    NA |
| SendByGo        |   NA |    NA |

Benchmarks with issues:
  Benchmarks10Gb.SendByDotnet: .NET 10.0(Runtime=.NET 10.0, IterationCount=3, WarmupCount=1)
  Benchmarks10Gb.SendByDotnetAOT: .NET 10.0(Runtime=.NET 10.0, IterationCount=3, WarmupCount=1)
  Benchmarks10Gb.SendByGo: .NET 10.0(Runtime=.NET 10.0, IterationCount=3, WarmupCount=1)

// * Warnings *
Environment
  Summary -> Detected error exit code from one of the benchmarks. It might be caused by following antivirus software:
        - AhnLab V3 Internet Security 9.0 (C:\Program Files\AhnLab\V3IS90\ASDWsc.exe)
        - Windows Defender (windowsdefender://)
Use InProcessEmitToolchain or InProcessNoEmitToolchain to avoid new process creation.

// * Config Issues *

// * Warnings *
Configuration
  Summary -> The exporter MarkdownExporter-github is already present in configuration. There may be unexpected results.

// * Legends *
  Mean  : Arithmetic mean of all measurements
  Error : Half of 99.9% confidence interval
  1 ns  : 1 Nanosecond (0.000000001 sec)

// ***** BenchmarkRunner: End *****
Run time: 00:00:01 (1.4 sec), executed benchmarks: 3

// Found 3 benchmarks:
//   Benchmarks1Gb.SendByDotnet: .NET 10.0(Runtime=.NET 10.0, IterationCount=6, WarmupCount=2)
//   Benchmarks1Gb.SendByDotnetAOT: .NET 10.0(Runtime=.NET 10.0, IterationCount=6, WarmupCount=2)
//   Benchmarks1Gb.SendByGo: .NET 10.0(Runtime=.NET 10.0, IterationCount=6, WarmupCount=2)

Setup power plan (GUID: 8c5e7fda-e8bf-4a96-9a85-a6e23a8c635c FriendlyName: 고성능)
// **************************
// Benchmark: Benchmarks1Gb.SendByDotnet: .NET 10.0(Runtime=.NET 10.0, IterationCount=6, WarmupCount=2)
// *** Execute ***
// Launch: 1 / 1
// Execute: dotnet "BenchmarkSuite1-.NET 10.0-1.dll" --anonymousPipes 1468 1600 --benchmarkName BenchmarkSuite1.Benchmarks1Gb.SendByDotnet --job ".NET 10.0" --benchmarkId 6 in C:\Users\SSAFY\Documents\blog\benchmarks\BenchmarkSuite1\BenchmarkSuite1\bin\Release\net10.0\BenchmarkSuite1-.NET 10.0-1\bin\Release\net10.0
// BeforeAnythingElse

// Benchmark Process Environment Information:
// BenchmarkDotNet v0.15.8
// Runtime=.NET 10.0.5 (10.0.5, 10.0.526.15411), X64 RyuJIT x86-64-v3
// GC=Concurrent Workstation
// HardwareIntrinsics=AVX2+BMI1+BMI2+F16C+FMA+LZCNT+MOVBE,AVX,SSE3+SSSE3+SSE4.1+SSE4.2+POPCNT,X86Base+SSE+SSE2,AES+PCLMUL,AvxVnni,SERIALIZE VectorSize=256
// Job: .NET 10.0(IterationCount=6, WarmupCount=2)

OverheadJitting  1: 1 op, 113400.00 ns, 113.4000 us/op

System.Reflection.TargetInvocationException: Exception has been thrown by the target of an invocation.
 ---> System.IO.DirectoryNotFoundException: Could not find a part of the path 'C:\files\1gb.bin'.
   at Microsoft.Win32.SafeHandles.SafeFileHandle.CreateFile(String fullPath, FileMode mode, FileAccess access, FileShare share, FileOptions options)
   at Microsoft.Win32.SafeHandles.SafeFileHandle.Open(String fullPath, FileMode mode, FileAccess access, FileShare share, FileOptions options, Int64 preallocationSize, Nullable`1 unixCreateMode)
   at System.IO.Strategies.OSFileStreamStrategy..ctor(String path, FileMode mode, FileAccess access, FileShare share, FileOptions options, Int64 preallocationSize, Nullable`1 unixCreateMode)
   at System.IO.Strategies.FileStreamHelpers.ChooseStrategyCore(String path, FileMode mode, FileAccess access, FileShare share, FileOptions options, Int64 preallocationSize, Nullable`1 unixCreateMode)
   at System.IO.File.OpenRead(String path)
   at BenchmarkSuite1.BenchmarksBase.SendFile(String filePath, String url) in C:\Users\SSAFY\Documents\blog\benchmarks\BenchmarkSuite1\BenchmarkSuite1\Benchmarks.cs:line 27
   at BenchmarkSuite1.BenchmarksBase.SendByDotnet() in C:\Users\SSAFY\Documents\blog\benchmarks\BenchmarkSuite1\BenchmarkSuite1\Benchmarks.cs:line 16
   at BenchmarkDotNet.Helpers.AwaitHelper.GetResult(Task task)
   at BenchmarkDotNet.Autogenerated.Runnable_6.<.ctor>b__3_4() in C:\Users\SSAFY\Documents\blog\benchmarks\BenchmarkSuite1\BenchmarkSuite1\bin\Release\net10.0\BenchmarkSuite1-.NET 10.0-1\BenchmarkSuite1-.NET 10.0-1.notcs:line 1363
   at BenchmarkDotNet.Autogenerated.Runnable_6.WorkloadActionNoUnroll(Int64 invokeCount) in C:\Users\SSAFY\Documents\blog\benchmarks\BenchmarkSuite1\BenchmarkSuite1\bin\Release\net10.0\BenchmarkSuite1-.NET 10.0-1\BenchmarkSuite1-.NET 10.0-1.notcs:line 1477
   at BenchmarkDotNet.Engines.Engine.Measure(Action`1 action, Int64 invokeCount)
   at BenchmarkDotNet.Engines.Engine.RunIteration(IterationData data)
   at BenchmarkDotNet.Engines.EngineFactory.Jit(Engine engine, Int32 jitIndex, Int32 invokeCount, Int32 unrollFactor)
   at BenchmarkDotNet.Engines.EngineFactory.CreateReadyToRun(EngineParameters engineParameters)
   at BenchmarkDotNet.Autogenerated.Runnable_6.Run(IHost host, String benchmarkName) in C:\Users\SSAFY\Documents\blog\benchmarks\BenchmarkSuite1\BenchmarkSuite1\bin\Release\net10.0\BenchmarkSuite1-.NET 10.0-1\BenchmarkSuite1-.NET 10.0-1.notcs:line 1342
   at System.Reflection.MethodBaseInvoker.InterpretedInvoke_Method(Object obj, IntPtr* args)
   at System.Reflection.MethodBaseInvoker.InvokeDirectByRefWithFewArgs(Object obj, Span`1 copyOfArgs, BindingFlags invokeAttr)
   --- End of inner exception stack trace ---
   at System.Reflection.MethodBaseInvoker.InvokeDirectByRefWithFewArgs(Object obj, Span`1 copyOfArgs, BindingFlags invokeAttr)
   at System.Reflection.MethodBaseInvoker.InvokeWithFewArgs(Object obj, BindingFlags invokeAttr, Binder binder, Object[] parameters, CultureInfo culture)
   at System.Reflection.RuntimeMethodInfo.Invoke(Object obj, BindingFlags invokeAttr, Binder binder, Object[] parameters, CultureInfo culture)
   at System.Reflection.MethodBase.Invoke(Object obj, Object[] parameters)
   at BenchmarkDotNet.Autogenerated.UniqueProgramName.AfterAssemblyLoadingAttached(String[] args) in C:\Users\SSAFY\Documents\blog\benchmarks\BenchmarkSuite1\BenchmarkSuite1\bin\Release\net10.0\BenchmarkSuite1-.NET 10.0-1\BenchmarkSuite1-.NET 10.0-1.notcs:line 57
// AfterAll
No Workload Results were obtained from the run.
// Benchmark Process 34928 has exited with code -1.

// ** Remained 2 (22.2%) benchmark(s) to run. Estimated finish 2026-04-03 11:45 (0h 0m from now) **
Setup power plan (GUID: 8c5e7fda-e8bf-4a96-9a85-a6e23a8c635c FriendlyName: 고성능)
// **************************
// Benchmark: Benchmarks1Gb.SendByDotnetAOT: .NET 10.0(Runtime=.NET 10.0, IterationCount=6, WarmupCount=2)
// *** Execute ***
// Launch: 1 / 1
// Execute: dotnet "BenchmarkSuite1-.NET 10.0-1.dll" --anonymousPipes 1580 1668 --benchmarkName BenchmarkSuite1.Benchmarks1Gb.SendByDotnetAOT --job ".NET 10.0" --benchmarkId 7 in C:\Users\SSAFY\Documents\blog\benchmarks\BenchmarkSuite1\BenchmarkSuite1\bin\Release\net10.0\BenchmarkSuite1-.NET 10.0-1\bin\Release\net10.0
// BeforeAnythingElse

// Benchmark Process Environment Information:
// BenchmarkDotNet v0.15.8
// Runtime=.NET 10.0.5 (10.0.5, 10.0.526.15411), X64 RyuJIT x86-64-v3
// GC=Concurrent Workstation
// HardwareIntrinsics=AVX2+BMI1+BMI2+F16C+FMA+LZCNT+MOVBE,AVX,SSE3+SSSE3+SSE4.1+SSE4.2+POPCNT,X86Base+SSE+SSE2,AES+PCLMUL,AvxVnni,SERIALIZE VectorSize=256
// Job: .NET 10.0(IterationCount=6, WarmupCount=2)

OverheadJitting  1: 1 op, 116800.00 ns, 116.8000 us/op

System.Reflection.TargetInvocationException: Exception has been thrown by the target of an invocation.
 ---> System.IO.DirectoryNotFoundException: Could not find a part of the path 'C:\files\1gb.bin'.
   at Microsoft.Win32.SafeHandles.SafeFileHandle.CreateFile(String fullPath, FileMode mode, FileAccess access, FileShare share, FileOptions options)
   at Microsoft.Win32.SafeHandles.SafeFileHandle.Open(String fullPath, FileMode mode, FileAccess access, FileShare share, FileOptions options, Int64 preallocationSize, Nullable`1 unixCreateMode)
   at System.IO.Strategies.OSFileStreamStrategy..ctor(String path, FileMode mode, FileAccess access, FileShare share, FileOptions options, Int64 preallocationSize, Nullable`1 unixCreateMode)
   at System.IO.Strategies.FileStreamHelpers.ChooseStrategyCore(String path, FileMode mode, FileAccess access, FileShare share, FileOptions options, Int64 preallocationSize, Nullable`1 unixCreateMode)
   at System.IO.File.OpenRead(String path)
   at BenchmarkSuite1.BenchmarksBase.SendFile(String filePath, String url) in C:\Users\SSAFY\Documents\blog\benchmarks\BenchmarkSuite1\BenchmarkSuite1\Benchmarks.cs:line 27
   at BenchmarkSuite1.BenchmarksBase.SendByDotnetAOT() in C:\Users\SSAFY\Documents\blog\benchmarks\BenchmarkSuite1\BenchmarkSuite1\Benchmarks.cs:line 19
   at BenchmarkDotNet.Helpers.AwaitHelper.GetResult(Task task)
   at BenchmarkDotNet.Autogenerated.Runnable_7.<.ctor>b__3_4() in C:\Users\SSAFY\Documents\blog\benchmarks\BenchmarkSuite1\BenchmarkSuite1\bin\Release\net10.0\BenchmarkSuite1-.NET 10.0-1\BenchmarkSuite1-.NET 10.0-1.notcs:line 1557
   at BenchmarkDotNet.Autogenerated.Runnable_7.WorkloadActionNoUnroll(Int64 invokeCount) in C:\Users\SSAFY\Documents\blog\benchmarks\BenchmarkSuite1\BenchmarkSuite1\bin\Release\net10.0\BenchmarkSuite1-.NET 10.0-1\BenchmarkSuite1-.NET 10.0-1.notcs:line 1671
   at BenchmarkDotNet.Engines.Engine.Measure(Action`1 action, Int64 invokeCount)
   at BenchmarkDotNet.Engines.Engine.RunIteration(IterationData data)
   at BenchmarkDotNet.Engines.EngineFactory.Jit(Engine engine, Int32 jitIndex, Int32 invokeCount, Int32 unrollFactor)
   at BenchmarkDotNet.Engines.EngineFactory.CreateReadyToRun(EngineParameters engineParameters)
   at BenchmarkDotNet.Autogenerated.Runnable_7.Run(IHost host, String benchmarkName) in C:\Users\SSAFY\Documents\blog\benchmarks\BenchmarkSuite1\BenchmarkSuite1\bin\Release\net10.0\BenchmarkSuite1-.NET 10.0-1\BenchmarkSuite1-.NET 10.0-1.notcs:line 1536
   at System.Reflection.MethodBaseInvoker.InterpretedInvoke_Method(Object obj, IntPtr* args)
   at System.Reflection.MethodBaseInvoker.InvokeDirectByRefWithFewArgs(Object obj, Span`1 copyOfArgs, BindingFlags invokeAttr)
   --- End of inner exception stack trace ---
   at System.Reflection.MethodBaseInvoker.InvokeDirectByRefWithFewArgs(Object obj, Span`1 copyOfArgs, BindingFlags invokeAttr)
   at System.Reflection.MethodBaseInvoker.InvokeWithFewArgs(Object obj, BindingFlags invokeAttr, Binder binder, Object[] parameters, CultureInfo culture)
   at System.Reflection.RuntimeMethodInfo.Invoke(Object obj, BindingFlags invokeAttr, Binder binder, Object[] parameters, CultureInfo culture)
   at System.Reflection.MethodBase.Invoke(Object obj, Object[] parameters)
   at BenchmarkDotNet.Autogenerated.UniqueProgramName.AfterAssemblyLoadingAttached(String[] args) in C:\Users\SSAFY\Documents\blog\benchmarks\BenchmarkSuite1\BenchmarkSuite1\bin\Release\net10.0\BenchmarkSuite1-.NET 10.0-1\BenchmarkSuite1-.NET 10.0-1.notcs:line 57
// AfterAll
No Workload Results were obtained from the run.
// Benchmark Process 31780 has exited with code -1.

// ** Remained 1 (11.1%) benchmark(s) to run. Estimated finish 2026-04-03 11:45 (0h 0m from now) **
Setup power plan (GUID: 8c5e7fda-e8bf-4a96-9a85-a6e23a8c635c FriendlyName: 고성능)
// **************************
// Benchmark: Benchmarks1Gb.SendByGo: .NET 10.0(Runtime=.NET 10.0, IterationCount=6, WarmupCount=2)
// *** Execute ***
// Launch: 1 / 1
// Execute: dotnet "BenchmarkSuite1-.NET 10.0-1.dll" --anonymousPipes 1768 1436 --benchmarkName BenchmarkSuite1.Benchmarks1Gb.SendByGo --job ".NET 10.0" --benchmarkId 8 in C:\Users\SSAFY\Documents\blog\benchmarks\BenchmarkSuite1\BenchmarkSuite1\bin\Release\net10.0\BenchmarkSuite1-.NET 10.0-1\bin\Release\net10.0
// BeforeAnythingElse

// Benchmark Process Environment Information:
// BenchmarkDotNet v0.15.8
// Runtime=.NET 10.0.5 (10.0.5, 10.0.526.15411), X64 RyuJIT x86-64-v3
// GC=Concurrent Workstation
// HardwareIntrinsics=AVX2+BMI1+BMI2+F16C+FMA+LZCNT+MOVBE,AVX,SSE3+SSSE3+SSE4.1+SSE4.2+POPCNT,X86Base+SSE+SSE2,AES+PCLMUL,AvxVnni,SERIALIZE VectorSize=256
// Job: .NET 10.0(IterationCount=6, WarmupCount=2)

OverheadJitting  1: 1 op, 125000.00 ns, 125.0000 us/op

System.Reflection.TargetInvocationException: Exception has been thrown by the target of an invocation.
 ---> System.IO.DirectoryNotFoundException: Could not find a part of the path 'C:\files\1gb.bin'.
   at Microsoft.Win32.SafeHandles.SafeFileHandle.CreateFile(String fullPath, FileMode mode, FileAccess access, FileShare share, FileOptions options)
   at Microsoft.Win32.SafeHandles.SafeFileHandle.Open(String fullPath, FileMode mode, FileAccess access, FileShare share, FileOptions options, Int64 preallocationSize, Nullable`1 unixCreateMode)
   at System.IO.Strategies.OSFileStreamStrategy..ctor(String path, FileMode mode, FileAccess access, FileShare share, FileOptions options, Int64 preallocationSize, Nullable`1 unixCreateMode)
   at System.IO.Strategies.FileStreamHelpers.ChooseStrategyCore(String path, FileMode mo